============================================================
TNBC Single-Cell Analysis Pipeline
Stage 16A: Frozen Stage 15 Input Validation
============================================================

Completion time: 2026-09-10 07:18:26

Frozen Stage 15 CDS: C:/Users/asus/Desktop/TNBC_SingleCell_Pipeline/objects//TNBC_Monocle3_CDS_Final

Total genes: 24865

Total cells: 22145

Frozen target partition: 2

Finite pseudotime cells: 6735

Frozen root node: Y_48

Root cells: 59

Root Normal-like cells: 59

Root Tumor-like cells: 0

Analysis Normal-like cells: 607

Analysis Tumor-like cells: 5201

Monocle3_pseudotime metadata present: YES

Trajectory reconstruction: NOT PERFORMED
Root selection: NOT PERFORMED
Pseudotime recalculation: NOT PERFORMED
Stage 15 remained frozen.

STATUS: STAGE 16A VALIDATED SUCCESSFULLY
============================================================
