============================================================
TNBC Single-Cell Analysis Pipeline
Stage 16E: KEGG Pathway Interpretation
============================================================

Completion time: 2026-09-10 16:32:14

Stage 16D input: C:/Users/asus/Desktop/TNBC_BRCA1_SingleCell/results/16_Pseudotime_Gene_Dynamics/tables/main/02_Significant_KEGG_Pathways.csv
Stage 16D significant pathways: 42
Valid pathways: 42
Duplicate pathway IDs removed: 0
Top 20 pathways: 20
Top 10 pathways: 10

Stage 15: FROZEN
Stage 16A: FROZEN
Stage 16B: FROZEN
Stage 16C: FROZEN
Stage 16D: FROZEN
Stage 16E: COMPLETED

KEGG enrichment: NOT RERUN
Trajectory reconstruction: NOT PERFORMED
Pseudotime recalculation: NOT PERFORMED
graph_test: NOT RERUN

Complete Stage 16E RDS: C:/Users/asus/Desktop/TNBC_BRCA1_SingleCell/objects/Stage16E_KEGG_Interpretation_Results.rds

STATUS: STAGE 16E COMPLETED SUCCESSFULLY
============================================================
