============================================================
STAGE 17C - TEMPORAL GENE PROGRAM CHARACTERIZATION
============================================================
Project directory: C:/Users/asus/Desktop/TNBC_BRCA1_SingleCell
Results directory: C:/Users/asus/Desktop/TNBC_BRCA1_SingleCell/results/17_Temporal_Gene_Dynamics
Loading frozen Stage 17B object...
Stage 17B object loaded successfully.
Stage 17B schema validation passed.
Frozen-upstream status verified.
No trajectory reconstruction will be performed.
No root selection will be performed.
No pseudotime recalculation will be performed.
Running structural validation...
Structural validation passed.
Cluster-assignment consistency verified.
Stored cluster centroids validated against z-score profiles.

============================================================
STAGE 17C COMPLETED SUCCESSFULLY
============================================================
Stage 17B strong temporal genes: 569
Genes characterized: 569
Final synchronized cells: 6735
Pseudotime bins: 20
Selected K: 2
Mean silhouette: 0.62114274
Cluster 1 genes: 53
Cluster 2 genes: 516
Cluster 1 temporal pattern: Early_Peaking_Decreasing
Cluster 2 temporal pattern: Late_Increasing
Maximum centroid validation difference: 0e+00
Validation checks passed: 20/20

Central RDS:
C:/Users/asus/Desktop/TNBC_BRCA1_SingleCell/objects/Stage17C_Temporal_Characterization_Results.rds

Completion log:
C:/Users/asus/Desktop/TNBC_BRCA1_SingleCell/results/17_Temporal_Gene_Dynamics/logs/Stage17C_Completion.log

Upstream Stage 17B remained frozen.
No trajectory reconstruction was performed.
No root selection was performed.
No pseudotime recalculation was performed.
============================================================
