====================================================
TNBC Single-cell RNA-seq Analysis Pipeline
STEP 11 — GSEA
====================================================

Date/time: 2026-09-08 07:00:06

COMPARISON
----------------------------------------------------
BRCA1_tumour vs TotalCell

INPUT
----------------------------------------------------
Stage 10 DEG file: C:/Users/asus/Desktop/TNBC_BRCA1_SingleCell/results/10_Differential_Expression/tables/supplementary/DEG_TumorLike_BRCA1_vs_TotalCell_all.csv
Genes loaded from Stage 10: 6115
Genes entering GSEA after ENTREZ mapping: 5846
Positive-ranked genes: 2563
Negative-ranked genes: 3283
Zero-ranked genes: 0
ENTREZ mapping rate (%): 95.6

RANKING
----------------------------------------------------
Ranking variable: avg_log2FC
Positive avg_log2FC = higher in BRCA1_tumour
Negative avg_log2FC = higher in TotalCell

GSEA FILTERING
----------------------------------------------------
All eligible ranked genes were used.
No |log2FC| cutoff was applied.
No p-value filtering was applied before GSEA.
Complete GSEA results were retained.
Final significance criterion: p.adjust < 0.05
Multiple-testing correction: Benjamini-Hochberg (BH)

GO BIOLOGICAL PROCESS
----------------------------------------------------
Pathways tested: 3737
Significant pathways: 292
Enriched in BRCA1_tumour: 9
Enriched in TotalCell: 283

REACTOME
----------------------------------------------------
Pathways tested: 1074
Significant pathways: 38
Enriched in BRCA1_tumour: 23
Enriched in TotalCell: 15

KEGG
----------------------------------------------------
Pathways tested: 300
Significant pathways: 27
Enriched in BRCA1_tumour: 2
Enriched in TotalCell: 25

HALLMARK — MSigDB
----------------------------------------------------
Gene set collection: MSigDB Hallmark
Gene sets tested: 49
Significant gene sets: 18
Enriched in BRCA1_tumour: 0
Enriched in TotalCell: 18

INTERPRETATION
----------------------------------------------------
NES > 0 = enrichment toward BRCA1_tumour
NES < 0 = enrichment toward TotalCell
p.adjust < 0.05 = statistically significant enrichment

VISUALIZATION
----------------------------------------------------
Dot plots display up to 10 significant terms per enrichment direction.
Terms are selected by adjusted p-value.

OUTPUT
----------------------------------------------------
Stage 11 directory: C:/Users/asus/Desktop/TNBC_BRCA1_SingleCell/results/11_GSEA
Main figures: C:/Users/asus/Desktop/TNBC_BRCA1_SingleCell/results/11_GSEA/figures/main
Main tables: C:/Users/asus/Desktop/TNBC_BRCA1_SingleCell/results/11_GSEA/tables/main
Supplementary tables: C:/Users/asus/Desktop/TNBC_BRCA1_SingleCell/results/11_GSEA/tables/supplementary
Validation tables: C:/Users/asus/Desktop/TNBC_BRCA1_SingleCell/results/11_GSEA/tables/validation
Log file: C:/Users/asus/Desktop/TNBC_BRCA1_SingleCell/results/11_GSEA/logs/Step11_GSEA.log

OUTPUT VALIDATION
----------------------------------------------------
Expected output files: 23
Missing output files: 0

STAGE 11 COMPLETED SUCCESSFULLY.
====================================================
